// Vitest Snapshot v1, https://vitest.dev/guide/snapshot.html

exports[`CollectionLayoutPicker > matches the open desktop picker snapshot 1`] = `
<body
  data-scroll-locked="1"
  style="pointer-events: none;"
>
  <span
    aria-hidden="true"
    data-aria-hidden="true"
    data-radix-focus-guard=""
    style="outline: none; opacity: 0; position: fixed; pointer-events: none;"
    tabindex="0"
  />
  <div
    aria-hidden="true"
    data-aria-hidden="true"
  >
    <button
      aria-controls="radix-normalized"
      aria-expanded="true"
      aria-haspopup="menu"
      aria-label="Layout: Grid"
      class="items-center justify-center gap-2 whitespace-nowrap text-sm transition-all disabled:pointer-events-none disabled:opacity-50 [&_svg]:pointer-events-none [&_svg:not([class*=\\"size-\\"])]:size-4 shrink-0 [&_svg]:shrink-0 outline-none focus-visible:border-ring focus-visible:ring-ring/50 focus-visible:ring-[3px] aria-invalid:ring-destructive/40 aria-invalid:border-destructive font-semibold cursor-pointer rounded-full border shadow-xs bg-secondary text-secondary-foreground hover:bg-accent size-9 hidden lg:inline-flex lg:h-8 lg:w-auto lg:gap-1.5 lg:px-3.5 lg:text-xs"
      data-cy="collection-layout-menu"
      data-radix-popper-align="end"
      data-radix-popper-side="bottom"
      data-size="icon"
      data-slot="button"
      data-state="open"
      data-variant="secondary"
      id="radix-normalized"
      type="button"
    >
      <svg
        aria-hidden="true"
        class="lucide lucide-grip size-4"
        fill="none"
        height="24"
        stroke="currentColor"
        stroke-linecap="round"
        stroke-linejoin="round"
        stroke-width="2"
        viewBox="0 0 24 24"
        width="24"
        xmlns="http://www.w3.org/2000/svg"
      >
        <circle
          cx="12"
          cy="5"
          r="1"
        />
        <circle
          cx="19"
          cy="5"
          r="1"
        />
        <circle
          cx="5"
          cy="5"
          r="1"
        />
        <circle
          cx="12"
          cy="12"
          r="1"
        />
        <circle
          cx="19"
          cy="12"
          r="1"
        />
        <circle
          cx="5"
          cy="12"
          r="1"
        />
        <circle
          cx="12"
          cy="19"
          r="1"
        />
        <circle
          cx="19"
          cy="19"
          r="1"
        />
        <circle
          cx="5"
          cy="19"
          r="1"
        />
      </svg>
      <span
        class="hidden lg:inline"
        data-testid="typography"
      >
        Grid
      </span>
      <svg
        aria-hidden="true"
        class="lucide lucide-chevron-down hidden size-3.5 lg:block"
        fill="none"
        height="24"
        stroke="currentColor"
        stroke-linecap="round"
        stroke-linejoin="round"
        stroke-width="2"
        viewBox="0 0 24 24"
        width="24"
        xmlns="http://www.w3.org/2000/svg"
      >
        <path
          d="m6 9 6 6 6-6"
        />
      </svg>
    </button>
  </div>
  <div
    data-radix-popper-content-wrapper=""
    dir="ltr"
    style="position: fixed; left: 0px; top: 0px; transform: translate(0px, 4px); min-width: max-content; z-index: auto; --radix-popper-available-width: 0px; --radix-popper-available-height: -4px; --radix-popper-anchor-width: 0px; --radix-popper-anchor-height: 0px; --radix-popper-transform-origin: 100% 0px;"
  >
    <div
      aria-labelledby="radix-normalized"
      aria-orientation="vertical"
      class="z-50 min-w-[8rem] overflow-hidden rounded-md border border-border bg-background p-4 shadow-xl data-[side=bottom]:slide-in-from-top-2 data-[side=left]:slide-in-from-right-2 data-[side=right]:slide-in-from-left-2 data-[side=top]:slide-in-from-bottom-2 data-[state=closed]:animate-out data-[state=closed]:fade-out-0 data-[state=closed]:zoom-out-95 data-[state=open]:animate-in data-[state=open]:fade-in-0 data-[state=open]:zoom-in-95 w-70"
      data-align="end"
      data-orientation="vertical"
      data-radix-menu-content=""
      data-side="bottom"
      data-state="open"
      dir="ltr"
      id="radix-normalized"
      role="menu"
      style="outline: none; --radix-dropdown-menu-content-transform-origin: var(--radix-popper-transform-origin); --radix-dropdown-menu-content-available-width: var(--radix-popper-available-width); --radix-dropdown-menu-content-available-height: var(--radix-popper-available-height); --radix-dropdown-menu-trigger-width: var(--radix-popper-anchor-width); --radix-dropdown-menu-trigger-height: var(--radix-popper-anchor-height); pointer-events: auto;"
      tabindex="-1"
    >
      <div
        class="flex w-full flex-col gap-3"
        data-testid="container"
      >
        <div
          class="relative flex cursor-pointer items-center rounded-sm transition-colors outline-none select-none hover:text-foreground focus:text-accent-foreground data-[disabled]:pointer-events-none data-[disabled]:opacity-50 w-full gap-2 p-0 text-base font-medium text-muted-foreground"
          data-cy="collection-layout-grid"
          data-orientation="vertical"
          data-radix-collection-item=""
          role="menuitem"
          tabindex="-1"
        >
          <svg
            aria-hidden="true"
            class="lucide lucide-grip size-4"
            fill="none"
            height="24"
            stroke="currentColor"
            stroke-linecap="round"
            stroke-linejoin="round"
            stroke-width="2"
            viewBox="0 0 24 24"
            width="24"
            xmlns="http://www.w3.org/2000/svg"
          >
            <circle
              cx="12"
              cy="5"
              r="1"
            />
            <circle
              cx="19"
              cy="5"
              r="1"
            />
            <circle
              cx="5"
              cy="5"
              r="1"
            />
            <circle
              cx="12"
              cy="12"
              r="1"
            />
            <circle
              cx="19"
              cy="12"
              r="1"
            />
            <circle
              cx="5"
              cy="12"
              r="1"
            />
            <circle
              cx="12"
              cy="19"
              r="1"
            />
            <circle
              cx="19"
              cy="19"
              r="1"
            />
            <circle
              cx="5"
              cy="19"
              r="1"
            />
          </svg>
          <span
            class="min-w-0 flex-1 truncate"
            data-testid="typography"
          >
            Grid
          </span>
          <svg
            aria-hidden="true"
            class="lucide lucide-check size-4 text-brand"
            fill="none"
            height="24"
            stroke="currentColor"
            stroke-linecap="round"
            stroke-linejoin="round"
            stroke-width="2"
            viewBox="0 0 24 24"
            width="24"
            xmlns="http://www.w3.org/2000/svg"
          >
            <path
              d="M20 6 9 17l-5-5"
            />
          </svg>
        </div>
        <div
          class="relative flex cursor-pointer items-center rounded-sm transition-colors outline-none select-none hover:text-foreground focus:text-accent-foreground data-[disabled]:pointer-events-none data-[disabled]:opacity-50 w-full gap-2 p-0 text-base font-medium text-muted-foreground"
          data-cy="collection-layout-list"
          data-orientation="vertical"
          data-radix-collection-item=""
          role="menuitem"
          tabindex="-1"
        >
          <svg
            aria-hidden="true"
            class="lucide lucide-rows4 lucide-rows-4 size-4"
            fill="none"
            height="24"
            stroke="currentColor"
            stroke-linecap="round"
            stroke-linejoin="round"
            stroke-width="2"
            viewBox="0 0 24 24"
            width="24"
            xmlns="http://www.w3.org/2000/svg"
          >
            <rect
              height="18"
              rx="2"
              width="18"
              x="3"
              y="3"
            />
            <path
              d="M21 7.5H3"
            />
            <path
              d="M21 12H3"
            />
            <path
              d="M21 16.5H3"
            />
          </svg>
          <span
            class="min-w-0 flex-1 truncate"
            data-testid="typography"
          >
            List
          </span>
        </div>
        <div
          class="relative flex cursor-pointer items-center rounded-sm transition-colors outline-none select-none hover:text-foreground focus:text-accent-foreground data-[disabled]:pointer-events-none data-[disabled]:opacity-50 w-full gap-2 p-0 text-base font-medium text-muted-foreground"
          data-cy="collection-layout-visual"
          data-orientation="vertical"
          data-radix-collection-item=""
          role="menuitem"
          tabindex="-1"
        >
          <svg
            aria-hidden="true"
            class="lucide lucide-layout-grid size-4"
            fill="none"
            height="24"
            stroke="currentColor"
            stroke-linecap="round"
            stroke-linejoin="round"
            stroke-width="2"
            viewBox="0 0 24 24"
            width="24"
            xmlns="http://www.w3.org/2000/svg"
          >
            <rect
              height="7"
              rx="1"
              width="7"
              x="3"
              y="3"
            />
            <rect
              height="7"
              rx="1"
              width="7"
              x="14"
              y="3"
            />
            <rect
              height="7"
              rx="1"
              width="7"
              x="14"
              y="14"
            />
            <rect
              height="7"
              rx="1"
              width="7"
              x="3"
              y="14"
            />
          </svg>
          <span
            class="min-w-0 flex-1 truncate"
            data-testid="typography"
          >
            Visual
          </span>
        </div>
      </div>
    </div>
  </div>
  <span
    aria-hidden="true"
    data-aria-hidden="true"
    data-radix-focus-guard=""
    style="outline: none; opacity: 0; position: fixed; pointer-events: none;"
    tabindex="0"
  />
</body>
`;
